<html>
<body>
<pre>
<h1>µVision Build Log</h1>
<h2>Tool Versions:</h2>
IDE-Version: ¦ÌVision V5.18.0.0
Copyright (C) 2016 ARM Ltd and ARM Germany GmbH. All rights reserved.
License Information: a a, a, LIC=IK1BF-6YZ38-01IP1-CMRZ2-24WUM-I9S93
 
Tool Versions:
Toolchain:       MDK-ARM Standard  Version: 5.18
Toolchain Path:  E:\keil\ARM\ARMCC\Bin
C Compiler:      Armcc.exe V5.06 update 1 (build 61)
Assembler:       Armasm.exe V5.06 update 1 (build 61)
Linker/Locator:  ArmLink.exe V5.06 update 1 (build 61)
Library Manager: ArmAr.exe V5.06 update 1 (build 61)
Hex Converter:   FromElf.exe V5.06 update 1 (build 61)
CPU DLL:         SARMCM3.DLL V5.18
Dialog DLL:      DCM.DLL V1.13.6.0
Target DLL:      STLink\ST-LINKIII-KEIL_SWO.dll V2.0.18.0
Dialog DLL:      TCM.DLL V1.14.8.0
 
<h2>Project:</h2>
C:\Users\50512\Desktop\Template\USER\Template.uvprojx
Project File Date:  08/17/2021

<h2>Output:</h2>
*** Using Compiler 'V5.06 update 1 (build 61)', folder: 'E:\keil\ARM\ARMCC\Bin'
Rebuild target 'Template'
compiling core_cm3.c...
compiling main.c...
assembling startup_stm32f10x_hd.s...
compiling stm32f10x_bkp.c...
compiling delay.c...
compiling stm32f10x_it.c...
compiling stm32f10x_adc.c...
compiling stm32f10x_can.c...
compiling system_stm32f10x.c...
compiling misc.c...
compiling sys.c...
compiling stm32f10x_cec.c...
compiling stm32f10x_crc.c...
compiling stm32f10x_dac.c...
compiling stm32f10x_dbgmcu.c...
compiling stm32f10x_dma.c...
compiling stm32f10x_exti.c...
compiling stm32f10x_fsmc.c...
compiling stm32f10x_flash.c...
compiling stm32f10x_gpio.c...
compiling stm32f10x_iwdg.c...
compiling stm32f10x_i2c.c...
compiling stm32f10x_rcc.c...
compiling stm32f10x_rtc.c...
compiling stm32f10x_pwr.c...
compiling stm32f10x_sdio.c...
compiling stm32f10x_spi.c...
compiling stm32f10x_tim.c...
compiling stm32f10x_usart.c...
compiling led.c...
..\HARDWARE\LED\led.c(22): warning:  #1-D: last line of file ends without a newline
  	}	
..\HARDWARE\LED\led.c: 1 warning, 0 errors
compiling stm32f10x_wwdg.c...
compiling exti.c...
compiling usart.c...
compiling timer.c...
compiling shake.c...
..\HARDWARE\shake\shake.c(12): warning:  #550-D: variable "io_init" was set but never used
  	GPIO_InitTypeDef io_init;
..\HARDWARE\shake\shake.c: 1 warning, 0 errors
compiling usart_key.c...
..\HARDWARE\usart_key\usart_key.c(53): warning:  #1-D: last line of file ends without a newline
  	
..\HARDWARE\usart_key\usart_key.c: 1 warning, 0 errors
compiling servo.c...
compiling pwm.c...
compiling car.c...
compiling usart_led.c...
compiling infared.c...
linking...
Program Size: Code=2548 RO-data=336 RW-data=24 ZI-data=1632  
FromELF: creating hex file...
"..\OBJ\Template.axf" - 0 Error(s), 3 Warning(s).

<h2>Collection of Component include folders:</h2>
  C:\Users\50512\Desktop\Template\USER\RTE
  E:\keil\PACK\Keil\STM32F1xx_DFP\1.0.5\Device\Include

<h2>Collection of Component Files used:</h2>
Build Time Elapsed:  00:00:07
</pre>
</body>
</html>
